
> fplsol@1.0.0 build
> vite build

vite v5.4.21 building for production...
transforming...
node_modules/@privy-io/react-auth/dist/esm/use-export-wallet-_wu5ex5t.mjs (1:13160): A comment

"/*#__PURE__*/"

in "node_modules/@privy-io/react-auth/dist/esm/use-export-wallet-_wu5ex5t.mjs" contains an annotation that Rollup cannot interpret due to the position of the comment. The comment will be removed to avoid issues.
node_modules/@privy-io/react-auth/dist/esm/privy-context-DrMxzgOR.mjs (1:8240): A comment

"/*#__PURE__*/"

in "node_modules/@privy-io/react-auth/dist/esm/privy-context-DrMxzgOR.mjs" contains an annotation that Rollup cannot interpret due to the position of the comment. The comment will be removed to avoid issues.
node_modules/@privy-io/react-auth/dist/esm/privy-context-DrMxzgOR.mjs (1:8892): A comment

"/*#__PURE__*/"

in "node_modules/@privy-io/react-auth/dist/esm/privy-context-DrMxzgOR.mjs" contains an annotation that Rollup cannot interpret due to the position of the comment. The comment will be removed to avoid issues.
node_modules/@privy-io/react-auth/dist/esm/TurnstileWrapper-Co-t5mTh.mjs (1:217): A comment

"/*#__PURE__*/"

in "node_modules/@privy-io/react-auth/dist/esm/TurnstileWrapper-Co-t5mTh.mjs" contains an annotation that Rollup cannot interpret due to the position of the comment. The comment will be removed to avoid issues.
node_modules/@privy-io/react-auth/dist/esm/AffirmativeConsentScreen-nijRFoNp.mjs (1:1965): A comment

"/*#__PURE__*/"

in "node_modules/@privy-io/react-auth/dist/esm/AffirmativeConsentScreen-nijRFoNp.mjs" contains an annotation that Rollup cannot interpret due to the position of the comment. The comment will be removed to avoid issues.
node_modules/@privy-io/react-auth/dist/esm/AccountNotFoundScreen-D59Em28p.mjs (1:1356): A comment

"/*#__PURE__*/"

in "node_modules/@privy-io/react-auth/dist/esm/AccountNotFoundScreen-D59Em28p.mjs" contains an annotation that Rollup cannot interpret due to the position of the comment. The comment will be removed to avoid issues.
node_modules/@privy-io/react-auth/dist/esm/AllowlistRejectionScreen-CpZy18yk.mjs (1:1507): A comment

"/*#__PURE__*/"

in "node_modules/@privy-io/react-auth/dist/esm/AllowlistRejectionScreen-CpZy18yk.mjs" contains an annotation that Rollup cannot interpret due to the position of the comment. The comment will be removed to avoid issues.
node_modules/@privy-io/react-auth/dist/esm/HCaptchaWrapper-CUi9LJsp.mjs (1:205): A comment

"/*#__PURE__*/"

in "node_modules/@privy-io/react-auth/dist/esm/HCaptchaWrapper-CUi9LJsp.mjs" contains an annotation that Rollup cannot interpret due to the position of the comment. The comment will be removed to avoid issues.
node_modules/@privy-io/react-auth/dist/esm/AuthenticateWithWalletScreen-BWicCqKg.mjs (1:1725): A comment

"/*#__PURE__*/"

in "node_modules/@privy-io/react-auth/dist/esm/AuthenticateWithWalletScreen-BWicCqKg.mjs" contains an annotation that Rollup cannot interpret due to the position of the comment. The comment will be removed to avoid issues.
node_modules/@privy-io/react-auth/dist/esm/AwaitingEvmToSolBridgingScreen-Bca7Dq5r.mjs (1:7903): A comment

"/*#__PURE__*/"

in "node_modules/@privy-io/react-auth/dist/esm/AwaitingEvmToSolBridgingScreen-Bca7Dq5r.mjs" contains an annotation that Rollup cannot interpret due to the position of the comment. The comment will be removed to avoid issues.
node_modules/@privy-io/react-auth/dist/esm/AwaitingExternalEthereumTransferScreen-NbFK0A1q.mjs (1:10182): A comment

"/*#__PURE__*/"

in "node_modules/@privy-io/react-auth/dist/esm/AwaitingExternalEthereumTransferScreen-NbFK0A1q.mjs" contains an annotation that Rollup cannot interpret due to the position of the comment. The comment will be removed to avoid issues.
node_modules/@privy-io/react-auth/dist/esm/ConnectLedgerScreen-BbsW8DSt.mjs (1:3005): A comment

"/*#__PURE__*/"

in "node_modules/@privy-io/react-auth/dist/esm/ConnectLedgerScreen-BbsW8DSt.mjs" contains an annotation that Rollup cannot interpret due to the position of the comment. The comment will be removed to avoid issues.
node_modules/@privy-io/react-auth/dist/esm/CaptchaScreen-Cu3_cr8h.mjs (1:2097): A comment

"/*#__PURE__*/"

in "node_modules/@privy-io/react-auth/dist/esm/CaptchaScreen-Cu3_cr8h.mjs" contains an annotation that Rollup cannot interpret due to the position of the comment. The comment will be removed to avoid issues.
node_modules/@privy-io/react-auth/dist/esm/CaptchaScreen-Cu3_cr8h.mjs (1:3410): A comment

"/*#__PURE__*/"

in "node_modules/@privy-io/react-auth/dist/esm/CaptchaScreen-Cu3_cr8h.mjs" contains an annotation that Rollup cannot interpret due to the position of the comment. The comment will be removed to avoid issues.
node_modules/@privy-io/react-auth/dist/esm/ConnectOnlyLandingScreen-D7uxtarL.mjs (1:1581): A comment

"/*#__PURE__*/"

in "node_modules/@privy-io/react-auth/dist/esm/ConnectOnlyLandingScreen-D7uxtarL.mjs" contains an annotation that Rollup cannot interpret due to the position of the comment. The comment will be removed to avoid issues.
node_modules/@privy-io/react-auth/dist/esm/AwaitingPasswordlessCodeScreen-cLUlwC9S.mjs (1:2749): A comment

"/*#__PURE__*/"

in "node_modules/@privy-io/react-auth/dist/esm/AwaitingPasswordlessCodeScreen-cLUlwC9S.mjs" contains an annotation that Rollup cannot interpret due to the position of the comment. The comment will be removed to avoid issues.
node_modules/@privy-io/react-auth/dist/esm/AwaitingPasswordlessCodeScreen-cLUlwC9S.mjs (1:5757): A comment

"/*#__PURE__*/"

in "node_modules/@privy-io/react-auth/dist/esm/AwaitingPasswordlessCodeScreen-cLUlwC9S.mjs" contains an annotation that Rollup cannot interpret due to the position of the comment. The comment will be removed to avoid issues.
node_modules/@privy-io/react-auth/dist/esm/CrossAppAuthScreen-BOCFddJL.mjs (1:2032): A comment

"/*#__PURE__*/"

in "node_modules/@privy-io/react-auth/dist/esm/CrossAppAuthScreen-BOCFddJL.mjs" contains an annotation that Rollup cannot interpret due to the position of the comment. The comment will be removed to avoid issues.
node_modules/@privy-io/react-auth/dist/esm/EmbeddedWalletCreatedScreen-DLR7TF4o.mjs (1:1613): A comment

"/*#__PURE__*/"

in "node_modules/@privy-io/react-auth/dist/esm/EmbeddedWalletCreatedScreen-DLR7TF4o.mjs" contains an annotation that Rollup cannot interpret due to the position of the comment. The comment will be removed to avoid issues.
node_modules/@privy-io/react-auth/dist/esm/EmbeddedWalletOnAccountCreateScreen-ColmQZ-q.mjs (1:3694): A comment

"/*#__PURE__*/"

in "node_modules/@privy-io/react-auth/dist/esm/EmbeddedWalletOnAccountCreateScreen-ColmQZ-q.mjs" contains an annotation that Rollup cannot interpret due to the position of the comment. The comment will be removed to avoid issues.
node_modules/@privy-io/react-auth/dist/esm/ConnectionStatusScreen-Dfv_mgId.mjs (1:3144): A comment

"/*#__PURE__*/"

in "node_modules/@privy-io/react-auth/dist/esm/ConnectionStatusScreen-Dfv_mgId.mjs" contains an annotation that Rollup cannot interpret due to the position of the comment. The comment will be removed to avoid issues.
node_modules/@privy-io/react-auth/dist/esm/ConnectionStatusScreen-Dfv_mgId.mjs (1:9416): A comment

"/*#__PURE__*/"

in "node_modules/@privy-io/react-auth/dist/esm/ConnectionStatusScreen-Dfv_mgId.mjs" contains an annotation that Rollup cannot interpret due to the position of the comment. The comment will be removed to avoid issues.
node_modules/@privy-io/react-auth/dist/esm/EmbeddedWalletKeyExportScreen-B3GsSPLG.mjs (6:754): A comment

"/*#__PURE__*/"

in "node_modules/@privy-io/react-auth/dist/esm/EmbeddedWalletKeyExportScreen-B3GsSPLG.mjs" contains an annotation that Rollup cannot interpret due to the position of the comment. The comment will be removed to avoid issues.
node_modules/@privy-io/react-auth/dist/esm/EmbeddedWalletPasswordUpdateScreen-BRG9dsaW.mjs (1:2436): A comment

"/*#__PURE__*/"

in "node_modules/@privy-io/react-auth/dist/esm/EmbeddedWalletPasswordUpdateScreen-BRG9dsaW.mjs" contains an annotation that Rollup cannot interpret due to the position of the comment. The comment will be removed to avoid issues.
node_modules/@privy-io/react-auth/dist/esm/RecoveryPasswordCreateScreen-OrukIxHX.mjs (1:3465): A comment

"/*#__PURE__*/"

in "node_modules/@privy-io/react-auth/dist/esm/RecoveryPasswordCreateScreen-OrukIxHX.mjs" contains an annotation that Rollup cannot interpret due to the position of the comment. The comment will be removed to avoid issues.
node_modules/@privy-io/react-auth/dist/esm/CoinbaseOnrampStatusScreen-lD0tNDQe.mjs (1:3635): A comment

"/*#__PURE__*/"

in "node_modules/@privy-io/react-auth/dist/esm/CoinbaseOnrampStatusScreen-lD0tNDQe.mjs" contains an annotation that Rollup cannot interpret due to the position of the comment. The comment will be removed to avoid issues.
node_modules/@privy-io/react-auth/dist/esm/CoinbaseOnrampStatusScreen-lD0tNDQe.mjs (1:3958): A comment

"/*#__PURE__*/"

in "node_modules/@privy-io/react-auth/dist/esm/CoinbaseOnrampStatusScreen-lD0tNDQe.mjs" contains an annotation that Rollup cannot interpret due to the position of the comment. The comment will be removed to avoid issues.
node_modules/@privy-io/react-auth/dist/esm/CoinbaseOnrampStatusScreen-lD0tNDQe.mjs (1:4495): A comment

"/*#__PURE__*/"

in "node_modules/@privy-io/react-auth/dist/esm/CoinbaseOnrampStatusScreen-lD0tNDQe.mjs" contains an annotation that Rollup cannot interpret due to the position of the comment. The comment will be removed to avoid issues.
node_modules/@privy-io/react-auth/dist/esm/ErrorScreen-sNIfGI6q.mjs (1:4222): A comment

"/*#__PURE__*/"

in "node_modules/@privy-io/react-auth/dist/esm/ErrorScreen-sNIfGI6q.mjs" contains an annotation that Rollup cannot interpret due to the position of the comment. The comment will be removed to avoid issues.
node_modules/@privy-io/react-auth/dist/esm/ErrorScreen-sNIfGI6q.mjs (1:4703): A comment

"/*#__PURE__*/"

in "node_modules/@privy-io/react-auth/dist/esm/ErrorScreen-sNIfGI6q.mjs" contains an annotation that Rollup cannot interpret due to the position of the comment. The comment will be removed to avoid issues.
node_modules/@privy-io/react-auth/dist/esm/FiatOnrampScreen-A5_TNfEg.mjs (1:6021): A comment

"/*#__PURE__*/"

in "node_modules/@privy-io/react-auth/dist/esm/FiatOnrampScreen-A5_TNfEg.mjs" contains an annotation that Rollup cannot interpret due to the position of the comment. The comment will be removed to avoid issues.
node_modules/@privy-io/react-auth/dist/esm/FiatOnrampScreen-A5_TNfEg.mjs (49:685): A comment

"/*#__PURE__*/"

in "node_modules/@privy-io/react-auth/dist/esm/FiatOnrampScreen-A5_TNfEg.mjs" contains an annotation that Rollup cannot interpret due to the position of the comment. The comment will be removed to avoid issues.
node_modules/@privy-io/react-auth/dist/esm/FundingEditAmountScreen-BLmy4zpf.mjs (1:1769): A comment

"/*#__PURE__*/"

in "node_modules/@privy-io/react-auth/dist/esm/FundingEditAmountScreen-BLmy4zpf.mjs" contains an annotation that Rollup cannot interpret due to the position of the comment. The comment will be removed to avoid issues.
node_modules/@privy-io/react-auth/dist/esm/FarcasterSignerStatusScreen-DqEULwox.mjs (28:1100): A comment

"/*#__PURE__*/"

in "node_modules/@privy-io/react-auth/dist/esm/FarcasterSignerStatusScreen-DqEULwox.mjs" contains an annotation that Rollup cannot interpret due to the position of the comment. The comment will be removed to avoid issues.
node_modules/@privy-io/react-auth/dist/esm/InAppBrowserLoginNotPossible-BcEZlehe.mjs (1:1240): A comment

"/*#__PURE__*/"

in "node_modules/@privy-io/react-auth/dist/esm/InAppBrowserLoginNotPossible-BcEZlehe.mjs" contains an annotation that Rollup cannot interpret due to the position of the comment. The comment will be removed to avoid issues.
node_modules/@privy-io/react-auth/dist/esm/FundWithBankDepositScreen--e9rfZCc.mjs (1:2609): A comment

"/*#__PURE__*/"

in "node_modules/@privy-io/react-auth/dist/esm/FundWithBankDepositScreen--e9rfZCc.mjs" contains an annotation that Rollup cannot interpret due to the position of the comment. The comment will be removed to avoid issues.
node_modules/@privy-io/react-auth/dist/esm/FundWithBankDepositScreen--e9rfZCc.mjs (58:339): A comment

"/*#__PURE__*/"

in "node_modules/@privy-io/react-auth/dist/esm/FundWithBankDepositScreen--e9rfZCc.mjs" contains an annotation that Rollup cannot interpret due to the position of the comment. The comment will be removed to avoid issues.
node_modules/@privy-io/react-auth/dist/esm/FundWithBankDepositScreen--e9rfZCc.mjs (58:6322): A comment

"/*#__PURE__*/"

in "node_modules/@privy-io/react-auth/dist/esm/FundWithBankDepositScreen--e9rfZCc.mjs" contains an annotation that Rollup cannot interpret due to the position of the comment. The comment will be removed to avoid issues.
node_modules/@privy-io/react-auth/dist/esm/InstallWalletScreen-CtJuryxO.mjs (1:1227): A comment

"/*#__PURE__*/"

in "node_modules/@privy-io/react-auth/dist/esm/InstallWalletScreen-CtJuryxO.mjs" contains an annotation that Rollup cannot interpret due to the position of the comment. The comment will be removed to avoid issues.
node_modules/@privy-io/react-auth/dist/esm/InstallWalletScreen-CtJuryxO.mjs (1:2107): A comment

"/*#__PURE__*/"

in "node_modules/@privy-io/react-auth/dist/esm/InstallWalletScreen-CtJuryxO.mjs" contains an annotation that Rollup cannot interpret due to the position of the comment. The comment will be removed to avoid issues.
node_modules/@privy-io/react-auth/dist/esm/FundingMethodSelectionScreen-CFTtSc8T.mjs (1:6940): A comment

"/*#__PURE__*/"

in "node_modules/@privy-io/react-auth/dist/esm/FundingMethodSelectionScreen-CFTtSc8T.mjs" contains an annotation that Rollup cannot interpret due to the position of the comment. The comment will be removed to avoid issues.
node_modules/@privy-io/react-auth/dist/esm/LinkEmailScreen-C08N0_oz.mjs (1:2056): A comment

"/*#__PURE__*/"

in "node_modules/@privy-io/react-auth/dist/esm/LinkEmailScreen-C08N0_oz.mjs" contains an annotation that Rollup cannot interpret due to the position of the comment. The comment will be removed to avoid issues.
node_modules/@privy-io/react-auth/dist/esm/LoginFailedScreen-C8ktIEOG.mjs (1:1366): A comment

"/*#__PURE__*/"

in "node_modules/@privy-io/react-auth/dist/esm/LoginFailedScreen-C8ktIEOG.mjs" contains an annotation that Rollup cannot interpret due to the position of the comment. The comment will be removed to avoid issues.
node_modules/@privy-io/react-auth/dist/esm/FundSolWalletWithExternalSolanaWallet-Cy3gO2rc.mjs (1:2476): A comment

"/*#__PURE__*/"

in "node_modules/@privy-io/react-auth/dist/esm/FundSolWalletWithExternalSolanaWallet-Cy3gO2rc.mjs" contains an annotation that Rollup cannot interpret due to the position of the comment. The comment will be removed to avoid issues.
node_modules/@privy-io/react-auth/dist/esm/LinkConflictScreen-CElxCrSW.mjs (16:16): A comment

"/*#__PURE__*/"

in "node_modules/@privy-io/react-auth/dist/esm/LinkConflictScreen-CElxCrSW.mjs" contains an annotation that Rollup cannot interpret due to the position of the comment. The comment will be removed to avoid issues.
node_modules/@privy-io/react-auth/dist/esm/LinkConflictScreen-CElxCrSW.mjs (79:246): A comment

"/*#__PURE__*/"

in "node_modules/@privy-io/react-auth/dist/esm/LinkConflictScreen-CElxCrSW.mjs" contains an annotation that Rollup cannot interpret due to the position of the comment. The comment will be removed to avoid issues.
node_modules/@privy-io/react-auth/dist/esm/LinkConflictScreen-CElxCrSW.mjs (79:2961): A comment

"/*#__PURE__*/"

in "node_modules/@privy-io/react-auth/dist/esm/LinkConflictScreen-CElxCrSW.mjs" contains an annotation that Rollup cannot interpret due to the position of the comment. The comment will be removed to avoid issues.
node_modules/@privy-io/react-auth/dist/esm/ManualTransferScreen-DiSMGPNF.mjs (1:5396): A comment

"/*#__PURE__*/"

in "node_modules/@privy-io/react-auth/dist/esm/ManualTransferScreen-DiSMGPNF.mjs" contains an annotation that Rollup cannot interpret due to the position of the comment. The comment will be removed to avoid issues.
node_modules/@privy-io/react-auth/dist/esm/MfaAuthEnrollmentFlowScreen-DnpsjnqC.mjs (1:3619): A comment

"/*#__PURE__*/"

in "node_modules/@privy-io/react-auth/dist/esm/MfaAuthEnrollmentFlowScreen-DnpsjnqC.mjs" contains an annotation that Rollup cannot interpret due to the position of the comment. The comment will be removed to avoid issues.
node_modules/@privy-io/react-auth/dist/esm/MfaAuthEnrollmentFlowScreen-DnpsjnqC.mjs (1:3865): A comment

"/*#__PURE__*/"

in "node_modules/@privy-io/react-auth/dist/esm/MfaAuthEnrollmentFlowScreen-DnpsjnqC.mjs" contains an annotation that Rollup cannot interpret due to the position of the comment. The comment will be removed to avoid issues.
node_modules/@privy-io/react-auth/dist/esm/MfaAuthEnrollmentFlowScreen-DnpsjnqC.mjs (1:4554): A comment

"/*#__PURE__*/"

in "node_modules/@privy-io/react-auth/dist/esm/MfaAuthEnrollmentFlowScreen-DnpsjnqC.mjs" contains an annotation that Rollup cannot interpret due to the position of the comment. The comment will be removed to avoid issues.
node_modules/@privy-io/react-auth/dist/esm/LinkPasskeyScreen-DmtRo8xi.mjs (3:84): A comment

"/*#__PURE__*/"

in "node_modules/@privy-io/react-auth/dist/esm/LinkPasskeyScreen-DmtRo8xi.mjs" contains an annotation that Rollup cannot interpret due to the position of the comment. The comment will be removed to avoid issues.
node_modules/@privy-io/react-auth/dist/esm/LinkPasskeyScreen-DmtRo8xi.mjs (3:218): A comment

"/*#__PURE__*/"

in "node_modules/@privy-io/react-auth/dist/esm/LinkPasskeyScreen-DmtRo8xi.mjs" contains an annotation that Rollup cannot interpret due to the position of the comment. The comment will be removed to avoid issues.
node_modules/@privy-io/react-auth/dist/esm/MoonpayStatusScreen-tZ8mdR2X.mjs (1:2875): A comment

"/*#__PURE__*/"

in "node_modules/@privy-io/react-auth/dist/esm/MoonpayStatusScreen-tZ8mdR2X.mjs" contains an annotation that Rollup cannot interpret due to the position of the comment. The comment will be removed to avoid issues.
node_modules/@privy-io/react-auth/dist/esm/MoonpayStatusScreen-tZ8mdR2X.mjs (1:3707): A comment

"/*#__PURE__*/"

in "node_modules/@privy-io/react-auth/dist/esm/MoonpayStatusScreen-tZ8mdR2X.mjs" contains an annotation that Rollup cannot interpret due to the position of the comment. The comment will be removed to avoid issues.
node_modules/@privy-io/react-auth/dist/esm/MoonpayStatusScreen-tZ8mdR2X.mjs (1:4025): A comment

"/*#__PURE__*/"

in "node_modules/@privy-io/react-auth/dist/esm/MoonpayStatusScreen-tZ8mdR2X.mjs" contains an annotation that Rollup cannot interpret due to the position of the comment. The comment will be removed to avoid issues.
node_modules/@privy-io/react-auth/dist/esm/MoonpayStatusScreen-tZ8mdR2X.mjs (1:4821): A comment

"/*#__PURE__*/"

in "node_modules/@privy-io/react-auth/dist/esm/MoonpayStatusScreen-tZ8mdR2X.mjs" contains an annotation that Rollup cannot interpret due to the position of the comment. The comment will be removed to avoid issues.
node_modules/@privy-io/react-auth/dist/esm/MfaEnrollmentFlowScreen-_yDQyI2u.mjs (1:6477): A comment

"/*#__PURE__*/"

in "node_modules/@privy-io/react-auth/dist/esm/MfaEnrollmentFlowScreen-_yDQyI2u.mjs" contains an annotation that Rollup cannot interpret due to the position of the comment. The comment will be removed to avoid issues.
node_modules/@privy-io/react-auth/dist/esm/MfaEnrollmentFlowScreen-_yDQyI2u.mjs (1:6690): A comment

"/*#__PURE__*/"

in "node_modules/@privy-io/react-auth/dist/esm/MfaEnrollmentFlowScreen-_yDQyI2u.mjs" contains an annotation that Rollup cannot interpret due to the position of the comment. The comment will be removed to avoid issues.
node_modules/@privy-io/react-auth/dist/esm/MfaEnrollmentFlowScreen-_yDQyI2u.mjs (1:7246): A comment

"/*#__PURE__*/"

in "node_modules/@privy-io/react-auth/dist/esm/MfaEnrollmentFlowScreen-_yDQyI2u.mjs" contains an annotation that Rollup cannot interpret due to the position of the comment. The comment will be removed to avoid issues.
node_modules/@privy-io/react-auth/dist/esm/MfaEnrollmentFlowScreen-_yDQyI2u.mjs (1:7878): A comment

"/*#__PURE__*/"

in "node_modules/@privy-io/react-auth/dist/esm/MfaEnrollmentFlowScreen-_yDQyI2u.mjs" contains an annotation that Rollup cannot interpret due to the position of the comment. The comment will be removed to avoid issues.
node_modules/@privy-io/react-auth/dist/esm/MfaEnrollmentFlowScreen-_yDQyI2u.mjs (1:8579): A comment

"/*#__PURE__*/"

in "node_modules/@privy-io/react-auth/dist/esm/MfaEnrollmentFlowScreen-_yDQyI2u.mjs" contains an annotation that Rollup cannot interpret due to the position of the comment. The comment will be removed to avoid issues.
node_modules/@privy-io/react-auth/dist/esm/PasskeySelectSignupOrLogin-Dl5rDsw7.mjs (1:2042): A comment

"/*#__PURE__*/"

in "node_modules/@privy-io/react-auth/dist/esm/PasskeySelectSignupOrLogin-Dl5rDsw7.mjs" contains an annotation that Rollup cannot interpret due to the position of the comment. The comment will be removed to avoid issues.
node_modules/@privy-io/react-auth/dist/esm/OAuthStatusScreen-GWwbWdSi.mjs (1:4251): A comment

"/*#__PURE__*/"

in "node_modules/@privy-io/react-auth/dist/esm/OAuthStatusScreen-GWwbWdSi.mjs" contains an annotation that Rollup cannot interpret due to the position of the comment. The comment will be removed to avoid issues.
node_modules/@privy-io/react-auth/dist/esm/RecoveryOAuthStatusScreen-7cATjPBS.mjs (1:8547): A comment

"/*#__PURE__*/"

in "node_modules/@privy-io/react-auth/dist/esm/RecoveryOAuthStatusScreen-7cATjPBS.mjs" contains an annotation that Rollup cannot interpret due to the position of the comment. The comment will be removed to avoid issues.
node_modules/@privy-io/react-auth/dist/esm/SetAutomaticRecoveryScreen-CaXj1unh.mjs (14:451): A comment

"/*#__PURE__*/"

in "node_modules/@privy-io/react-auth/dist/esm/SetAutomaticRecoveryScreen-CaXj1unh.mjs" contains an annotation that Rollup cannot interpret due to the position of the comment. The comment will be removed to avoid issues.
node_modules/@privy-io/react-auth/dist/esm/SignRequestScreen-CKO-pLHy.mjs (8:241): A comment

"/*#__PURE__*/"

in "node_modules/@privy-io/react-auth/dist/esm/SignRequestScreen-CKO-pLHy.mjs" contains an annotation that Rollup cannot interpret due to the position of the comment. The comment will be removed to avoid issues.
node_modules/@privy-io/react-auth/dist/esm/SignRequestScreen-CKO-pLHy.mjs (8:2066): A comment

"/*#__PURE__*/"

in "node_modules/@privy-io/react-auth/dist/esm/SignRequestScreen-CKO-pLHy.mjs" contains an annotation that Rollup cannot interpret due to the position of the comment. The comment will be removed to avoid issues.
node_modules/@privy-io/react-auth/dist/esm/PasswordRecoveryScreen-DBLHkrI_.mjs (1:2491): A comment

"/*#__PURE__*/"

in "node_modules/@privy-io/react-auth/dist/esm/PasswordRecoveryScreen-DBLHkrI_.mjs" contains an annotation that Rollup cannot interpret due to the position of the comment. The comment will be removed to avoid issues.
node_modules/@privy-io/react-auth/dist/esm/RecoverySelectionScreen-CFkgwzMS.mjs (7:2183): A comment

"/*#__PURE__*/"

in "node_modules/@privy-io/react-auth/dist/esm/RecoverySelectionScreen-CFkgwzMS.mjs" contains an annotation that Rollup cannot interpret due to the position of the comment. The comment will be removed to avoid issues.
node_modules/@privy-io/react-auth/dist/esm/RecoverySelectionScreen-CFkgwzMS.mjs (7:2358): A comment

"/*#__PURE__*/"

in "node_modules/@privy-io/react-auth/dist/esm/RecoverySelectionScreen-CFkgwzMS.mjs" contains an annotation that Rollup cannot interpret due to the position of the comment. The comment will be removed to avoid issues.
node_modules/@privy-io/react-auth/dist/esm/RecoverySelectionScreen-CFkgwzMS.mjs (7:2534): A comment

"/*#__PURE__*/"

in "node_modules/@privy-io/react-auth/dist/esm/RecoverySelectionScreen-CFkgwzMS.mjs" contains an annotation that Rollup cannot interpret due to the position of the comment. The comment will be removed to avoid issues.
node_modules/@privy-io/react-auth/dist/esm/TransferFromWalletScreen-DMoSgPhn.mjs (1:3537): A comment

"/*#__PURE__*/"

in "node_modules/@privy-io/react-auth/dist/esm/TransferFromWalletScreen-DMoSgPhn.mjs" contains an annotation that Rollup cannot interpret due to the position of the comment. The comment will be removed to avoid issues.
node_modules/@privy-io/react-auth/dist/esm/UpdatePhoneScreen-DJzzJhXJ.mjs (1:1307): A comment

"/*#__PURE__*/"

in "node_modules/@privy-io/react-auth/dist/esm/UpdatePhoneScreen-DJzzJhXJ.mjs" contains an annotation that Rollup cannot interpret due to the position of the comment. The comment will be removed to avoid issues.
node_modules/@privy-io/react-auth/dist/esm/UpdatePhoneScreen-DJzzJhXJ.mjs (1:1729): A comment

"/*#__PURE__*/"

in "node_modules/@privy-io/react-auth/dist/esm/UpdatePhoneScreen-DJzzJhXJ.mjs" contains an annotation that Rollup cannot interpret due to the position of the comment. The comment will be removed to avoid issues.
node_modules/@privy-io/react-auth/dist/esm/UpdateEmailScreen-Dtbkg-xg.mjs (1:2862): A comment

"/*#__PURE__*/"

in "node_modules/@privy-io/react-auth/dist/esm/UpdateEmailScreen-Dtbkg-xg.mjs" contains an annotation that Rollup cannot interpret due to the position of the comment. The comment will be removed to avoid issues.
node_modules/@privy-io/react-auth/dist/esm/TelegramAuthScreen-DMBY4HLl.mjs (1:1877): A comment

"/*#__PURE__*/"

in "node_modules/@privy-io/react-auth/dist/esm/TelegramAuthScreen-DMBY4HLl.mjs" contains an annotation that Rollup cannot interpret due to the position of the comment. The comment will be removed to avoid issues.
node_modules/@privy-io/react-auth/dist/esm/TelegramAuthScreen-DMBY4HLl.mjs (1:4200): A comment

"/*#__PURE__*/"

in "node_modules/@privy-io/react-auth/dist/esm/TelegramAuthScreen-DMBY4HLl.mjs" contains an annotation that Rollup cannot interpret due to the position of the comment. The comment will be removed to avoid issues.
node_modules/@privy-io/react-auth/dist/esm/StandardSignAndSendTransactionScreen-Cya0O4wv.mjs (20:11603): A comment

"/*#__PURE__*/"

in "node_modules/@privy-io/react-auth/dist/esm/StandardSignAndSendTransactionScreen-Cya0O4wv.mjs" contains an annotation that Rollup cannot interpret due to the position of the comment. The comment will be removed to avoid issues.
node_modules/@privy-io/react-auth/dist/esm/StandardSignAndSendTransactionScreen-Cya0O4wv.mjs (20:12615): A comment

"/*#__PURE__*/"

in "node_modules/@privy-io/react-auth/dist/esm/StandardSignAndSendTransactionScreen-Cya0O4wv.mjs" contains an annotation that Rollup cannot interpret due to the position of the comment. The comment will be removed to avoid issues.
node_modules/@privy-io/react-auth/dist/esm/UserLimitReachedScreen-DsJc40Yi.mjs (1:1747): A comment

"/*#__PURE__*/"

in "node_modules/@privy-io/react-auth/dist/esm/UserLimitReachedScreen-DsJc40Yi.mjs" contains an annotation that Rollup cannot interpret due to the position of the comment. The comment will be removed to avoid issues.
node_modules/@privy-io/react-auth/dist/esm/index-B7Y-7rkw.mjs (12:10719): A comment

"/*#__PURE__*/"

in "node_modules/@privy-io/react-auth/dist/esm/index-B7Y-7rkw.mjs" contains an annotation that Rollup cannot interpret due to the position of the comment. The comment will be removed to avoid issues.
node_modules/@privy-io/react-auth/dist/esm/index-B7Y-7rkw.mjs (12:13521): A comment

"/*#__PURE__*/"

in "node_modules/@privy-io/react-auth/dist/esm/index-B7Y-7rkw.mjs" contains an annotation that Rollup cannot interpret due to the position of the comment. The comment will be removed to avoid issues.
node_modules/@privy-io/react-auth/dist/esm/index-B7Y-7rkw.mjs (12:13787): A comment

"/*#__PURE__*/"

in "node_modules/@privy-io/react-auth/dist/esm/index-B7Y-7rkw.mjs" contains an annotation that Rollup cannot interpret due to the position of the comment. The comment will be removed to avoid issues.
node_modules/@privy-io/react-auth/dist/esm/index-B7Y-7rkw.mjs (12:15917): A comment

"/*#__PURE__*/"

in "node_modules/@privy-io/react-auth/dist/esm/index-B7Y-7rkw.mjs" contains an annotation that Rollup cannot interpret due to the position of the comment. The comment will be removed to avoid issues.
node_modules/@privy-io/react-auth/dist/esm/index-B7Y-7rkw.mjs (12:16201): A comment

"/*#__PURE__*/"

in "node_modules/@privy-io/react-auth/dist/esm/index-B7Y-7rkw.mjs" contains an annotation that Rollup cannot interpret due to the position of the comment. The comment will be removed to avoid issues.
node_modules/@privy-io/react-auth/dist/esm/LinkPhoneScreen-aZRsfGsF.mjs (1:1298): A comment

"/*#__PURE__*/"

in "node_modules/@privy-io/react-auth/dist/esm/LinkPhoneScreen-aZRsfGsF.mjs" contains an annotation that Rollup cannot interpret due to the position of the comment. The comment will be removed to avoid issues.
node_modules/@privy-io/react-auth/dist/esm/LinkPhoneScreen-aZRsfGsF.mjs (1:1659): A comment

"/*#__PURE__*/"

in "node_modules/@privy-io/react-auth/dist/esm/LinkPhoneScreen-aZRsfGsF.mjs" contains an annotation that Rollup cannot interpret due to the position of the comment. The comment will be removed to avoid issues.
node_modules/@walletconnect/utils/node_modules/ox/_esm/core/Base64.js (6:27): A comment

"/*#__PURE__*/"

in "node_modules/@walletconnect/utils/node_modules/ox/_esm/core/Base64.js" contains an annotation that Rollup cannot interpret due to the position of the comment. The comment will be removed to avoid issues.
node_modules/@privy-io/react-auth/dist/esm/ModalHeader-BnVmXtvG.mjs (1:503): A comment

"/*#__PURE__*/"

in "node_modules/@privy-io/react-auth/dist/esm/ModalHeader-BnVmXtvG.mjs" contains an annotation that Rollup cannot interpret due to the position of the comment. The comment will be removed to avoid issues.
node_modules/@privy-io/react-auth/dist/esm/ModalHeader-BnVmXtvG.mjs (13:297): A comment

"/*#__PURE__*/"

in "node_modules/@privy-io/react-auth/dist/esm/ModalHeader-BnVmXtvG.mjs" contains an annotation that Rollup cannot interpret due to the position of the comment. The comment will be removed to avoid issues.
node_modules/@privy-io/react-auth/dist/esm/ModalHeader-BnVmXtvG.mjs (39:94): A comment

"/*#__PURE__*/"

in "node_modules/@privy-io/react-auth/dist/esm/ModalHeader-BnVmXtvG.mjs" contains an annotation that Rollup cannot interpret due to the position of the comment. The comment will be removed to avoid issues.
node_modules/@privy-io/react-auth/dist/esm/ModalHeader-BnVmXtvG.mjs (39:156): A comment

"/*#__PURE__*/"

in "node_modules/@privy-io/react-auth/dist/esm/ModalHeader-BnVmXtvG.mjs" contains an annotation that Rollup cannot interpret due to the position of the comment. The comment will be removed to avoid issues.
node_modules/@privy-io/react-auth/dist/esm/ModalHeader-BnVmXtvG.mjs (39:227): A comment

"/*#__PURE__*/"

in "node_modules/@privy-io/react-auth/dist/esm/ModalHeader-BnVmXtvG.mjs" contains an annotation that Rollup cannot interpret due to the position of the comment. The comment will be removed to avoid issues.
node_modules/@privy-io/react-auth/dist/esm/ModalHeader-BnVmXtvG.mjs (39:285): A comment

"/*#__PURE__*/"

in "node_modules/@privy-io/react-auth/dist/esm/ModalHeader-BnVmXtvG.mjs" contains an annotation that Rollup cannot interpret due to the position of the comment. The comment will be removed to avoid issues.
node_modules/@privy-io/react-auth/dist/esm/ModalHeader-BnVmXtvG.mjs (62:137): A comment

"/*#__PURE__*/"

in "node_modules/@privy-io/react-auth/dist/esm/ModalHeader-BnVmXtvG.mjs" contains an annotation that Rollup cannot interpret due to the position of the comment. The comment will be removed to avoid issues.
node_modules/@privy-io/react-auth/dist/esm/ModalHeader-BnVmXtvG.mjs (136:133): A comment

"/*#__PURE__*/"

in "node_modules/@privy-io/react-auth/dist/esm/ModalHeader-BnVmXtvG.mjs" contains an annotation that Rollup cannot interpret due to the position of the comment. The comment will be removed to avoid issues.
node_modules/@privy-io/react-auth/dist/esm/ModalHeader-BnVmXtvG.mjs (136:528): A comment

"/*#__PURE__*/"

in "node_modules/@privy-io/react-auth/dist/esm/ModalHeader-BnVmXtvG.mjs" contains an annotation that Rollup cannot interpret due to the position of the comment. The comment will be removed to avoid issues.
node_modules/@privy-io/react-auth/dist/esm/ModalHeader-BnVmXtvG.mjs (324:603): A comment

"/*#__PURE__*/"

in "node_modules/@privy-io/react-auth/dist/esm/ModalHeader-BnVmXtvG.mjs" contains an annotation that Rollup cannot interpret due to the position of the comment. The comment will be removed to avoid issues.
node_modules/@privy-io/react-auth/dist/esm/ScreenLayout-D1p_ntex.mjs (1:341): A comment

"/*#__PURE__*/"

in "node_modules/@privy-io/react-auth/dist/esm/ScreenLayout-D1p_ntex.mjs" contains an annotation that Rollup cannot interpret due to the position of the comment. The comment will be removed to avoid issues.
node_modules/@privy-io/react-auth/dist/esm/ScreenLayout-D1p_ntex.mjs (1:484): A comment

"/*#__PURE__*/"

in "node_modules/@privy-io/react-auth/dist/esm/ScreenLayout-D1p_ntex.mjs" contains an annotation that Rollup cannot interpret due to the position of the comment. The comment will be removed to avoid issues.
node_modules/@privy-io/react-auth/dist/esm/ScreenLayout-D1p_ntex.mjs (1:581): A comment

"/*#__PURE__*/"

in "node_modules/@privy-io/react-auth/dist/esm/ScreenLayout-D1p_ntex.mjs" contains an annotation that Rollup cannot interpret due to the position of the comment. The comment will be removed to avoid issues.
node_modules/@privy-io/react-auth/dist/esm/QrCode-B84kEIjT.mjs (2:688): A comment

"/*#__PURE__*/"

in "node_modules/@privy-io/react-auth/dist/esm/QrCode-B84kEIjT.mjs" contains an annotation that Rollup cannot interpret due to the position of the comment. The comment will be removed to avoid issues.
node_modules/@privy-io/react-auth/dist/esm/QrCode-B84kEIjT.mjs (2:827): A comment

"/*#__PURE__*/"

in "node_modules/@privy-io/react-auth/dist/esm/QrCode-B84kEIjT.mjs" contains an annotation that Rollup cannot interpret due to the position of the comment. The comment will be removed to avoid issues.
node_modules/@privy-io/react-auth/dist/esm/QrCode-B84kEIjT.mjs (2:1087): A comment

"/*#__PURE__*/"

in "node_modules/@privy-io/react-auth/dist/esm/QrCode-B84kEIjT.mjs" contains an annotation that Rollup cannot interpret due to the position of the comment. The comment will be removed to avoid issues.
node_modules/@privy-io/react-auth/dist/esm/QrCode-B84kEIjT.mjs (16:133): A comment

"/*#__PURE__*/"

in "node_modules/@privy-io/react-auth/dist/esm/QrCode-B84kEIjT.mjs" contains an annotation that Rollup cannot interpret due to the position of the comment. The comment will be removed to avoid issues.
node_modules/@privy-io/react-auth/dist/esm/CopyableText-BCytXyJL.mjs (23:81): A comment

"/*#__PURE__*/"

in "node_modules/@privy-io/react-auth/dist/esm/CopyableText-BCytXyJL.mjs" contains an annotation that Rollup cannot interpret due to the position of the comment. The comment will be removed to avoid issues.
node_modules/@privy-io/react-auth/dist/esm/CopyableText-BCytXyJL.mjs (23:524): A comment

"/*#__PURE__*/"

in "node_modules/@privy-io/react-auth/dist/esm/CopyableText-BCytXyJL.mjs" contains an annotation that Rollup cannot interpret due to the position of the comment. The comment will be removed to avoid issues.
node_modules/@privy-io/react-auth/dist/esm/FundWalletMethodHeader-Cb-ACySl.mjs (1:231): A comment

"/*#__PURE__*/"

in "node_modules/@privy-io/react-auth/dist/esm/FundWalletMethodHeader-Cb-ACySl.mjs" contains an annotation that Rollup cannot interpret due to the position of the comment. The comment will be removed to avoid issues.
node_modules/@privy-io/react-auth/dist/esm/BridgeNetworkSelectionView-CiJQDIy_.mjs (69:312): A comment

"/*#__PURE__*/"

in "node_modules/@privy-io/react-auth/dist/esm/BridgeNetworkSelectionView-CiJQDIy_.mjs" contains an annotation that Rollup cannot interpret due to the position of the comment. The comment will be removed to avoid issues.
node_modules/@privy-io/react-auth/dist/esm/TransferOrBridgeLoadingScreen-DVeIRghG.mjs (1:846): A comment

"/*#__PURE__*/"

in "node_modules/@privy-io/react-auth/dist/esm/TransferOrBridgeLoadingScreen-DVeIRghG.mjs" contains an annotation that Rollup cannot interpret due to the position of the comment. The comment will be removed to avoid issues.
node_modules/@privy-io/react-auth/dist/esm/NetworkIcon-B48ilzF8.mjs (1:12201): A comment

"/*#__PURE__*/"

in "node_modules/@privy-io/react-auth/dist/esm/NetworkIcon-B48ilzF8.mjs" contains an annotation that Rollup cannot interpret due to the position of the comment. The comment will be removed to avoid issues.
node_modules/@privy-io/react-auth/dist/esm/NetworkIcon-B48ilzF8.mjs (1:12244): A comment

"/*#__PURE__*/"

in "node_modules/@privy-io/react-auth/dist/esm/NetworkIcon-B48ilzF8.mjs" contains an annotation that Rollup cannot interpret due to the position of the comment. The comment will be removed to avoid issues.
node_modules/@privy-io/react-auth/dist/esm/TodoList-CgrU7uwu.mjs (15:227): A comment

"/*#__PURE__*/"

in "node_modules/@privy-io/react-auth/dist/esm/TodoList-CgrU7uwu.mjs" contains an annotation that Rollup cannot interpret due to the position of the comment. The comment will be removed to avoid issues.
node_modules/@privy-io/react-auth/dist/esm/TodoList-CgrU7uwu.mjs (16:0): A comment

"/*#__PURE__*/"

in "node_modules/@privy-io/react-auth/dist/esm/TodoList-CgrU7uwu.mjs" contains an annotation that Rollup cannot interpret due to the position of the comment. The comment will be removed to avoid issues.
node_modules/@privy-io/react-auth/dist/esm/TodoList-CgrU7uwu.mjs (16:132): A comment

"/*#__PURE__*/"

in "node_modules/@privy-io/react-auth/dist/esm/TodoList-CgrU7uwu.mjs" contains an annotation that Rollup cannot interpret due to the position of the comment. The comment will be removed to avoid issues.
node_modules/@privy-io/react-auth/dist/esm/TodoList-CgrU7uwu.mjs (16:204): A comment

"/*#__PURE__*/"

in "node_modules/@privy-io/react-auth/dist/esm/TodoList-CgrU7uwu.mjs" contains an annotation that Rollup cannot interpret due to the position of the comment. The comment will be removed to avoid issues.
node_modules/@privy-io/react-auth/dist/esm/ConnectEmailForm-bgA9z3L3.mjs (1:1718): A comment

"/*#__PURE__*/"

in "node_modules/@privy-io/react-auth/dist/esm/ConnectEmailForm-bgA9z3L3.mjs" contains an annotation that Rollup cannot interpret due to the position of the comment. The comment will be removed to avoid issues.
node_modules/@privy-io/react-auth/dist/esm/twitch-5IOe4sIQ.mjs (1:64): A comment

"/*#__PURE__*/"

in "node_modules/@privy-io/react-auth/dist/esm/twitch-5IOe4sIQ.mjs" contains an annotation that Rollup cannot interpret due to the position of the comment. The comment will be removed to avoid issues.
node_modules/@privy-io/react-auth/dist/esm/twitch-5IOe4sIQ.mjs (1:10025): A comment

"/*#__PURE__*/"

in "node_modules/@privy-io/react-auth/dist/esm/twitch-5IOe4sIQ.mjs" contains an annotation that Rollup cannot interpret due to the position of the comment. The comment will be removed to avoid issues.
node_modules/@privy-io/react-auth/dist/esm/twitter-BoAxhlj6.mjs (1:7958): A comment

"/*#__PURE__*/"

in "node_modules/@privy-io/react-auth/dist/esm/twitter-BoAxhlj6.mjs" contains an annotation that Rollup cannot interpret due to the position of the comment. The comment will be removed to avoid issues.
node_modules/@privy-io/react-auth/dist/esm/twitter-BoAxhlj6.mjs (1:12540): A comment

"/*#__PURE__*/"

in "node_modules/@privy-io/react-auth/dist/esm/twitter-BoAxhlj6.mjs" contains an annotation that Rollup cannot interpret due to the position of the comment. The comment will be removed to avoid issues.
node_modules/@privy-io/react-auth/dist/esm/twitter-BoAxhlj6.mjs (1:13625): A comment

"/*#__PURE__*/"

in "node_modules/@privy-io/react-auth/dist/esm/twitter-BoAxhlj6.mjs" contains an annotation that Rollup cannot interpret due to the position of the comment. The comment will be removed to avoid issues.
node_modules/@privy-io/react-auth/dist/esm/twitter-BoAxhlj6.mjs (1:14609): A comment

"/*#__PURE__*/"

in "node_modules/@privy-io/react-auth/dist/esm/twitter-BoAxhlj6.mjs" contains an annotation that Rollup cannot interpret due to the position of the comment. The comment will be removed to avoid issues.
node_modules/@privy-io/react-auth/dist/esm/telegram-B-JqnkqZ.mjs (1:64): A comment

"/*#__PURE__*/"

in "node_modules/@privy-io/react-auth/dist/esm/telegram-B-JqnkqZ.mjs" contains an annotation that Rollup cannot interpret due to the position of the comment. The comment will be removed to avoid issues.
node_modules/@privy-io/react-auth/dist/esm/CustomLandingScreenView-BxAx1Co_.mjs (9:588): A comment

"/*#__PURE__*/"

in "node_modules/@privy-io/react-auth/dist/esm/CustomLandingScreenView-BxAx1Co_.mjs" contains an annotation that Rollup cannot interpret due to the position of the comment. The comment will be removed to avoid issues.
node_modules/@privy-io/react-auth/dist/esm/CustomLandingScreenView-BxAx1Co_.mjs (9:1054): A comment

"/*#__PURE__*/"

in "node_modules/@privy-io/react-auth/dist/esm/CustomLandingScreenView-BxAx1Co_.mjs" contains an annotation that Rollup cannot interpret due to the position of the comment. The comment will be removed to avoid issues.
node_modules/@privy-io/react-auth/dist/esm/CustomLandingScreenView-BxAx1Co_.mjs (11:3245): A comment

"/*#__PURE__*/"

in "node_modules/@privy-io/react-auth/dist/esm/CustomLandingScreenView-BxAx1Co_.mjs" contains an annotation that Rollup cannot interpret due to the position of the comment. The comment will be removed to avoid issues.
node_modules/@privy-io/react-auth/dist/esm/CustomLandingScreenView-BxAx1Co_.mjs (11:5062): A comment

"/*#__PURE__*/"

in "node_modules/@privy-io/react-auth/dist/esm/CustomLandingScreenView-BxAx1Co_.mjs" contains an annotation that Rollup cannot interpret due to the position of the comment. The comment will be removed to avoid issues.
node_modules/@privy-io/react-auth/dist/esm/CustomLandingScreenView-BxAx1Co_.mjs (13:305): A comment

"/*#__PURE__*/"

in "node_modules/@privy-io/react-auth/dist/esm/CustomLandingScreenView-BxAx1Co_.mjs" contains an annotation that Rollup cannot interpret due to the position of the comment. The comment will be removed to avoid issues.
node_modules/@privy-io/react-auth/dist/esm/CustomLandingScreenView-BxAx1Co_.mjs (15:1736): A comment

"/*#__PURE__*/"

in "node_modules/@privy-io/react-auth/dist/esm/CustomLandingScreenView-BxAx1Co_.mjs" contains an annotation that Rollup cannot interpret due to the position of the comment. The comment will be removed to avoid issues.
node_modules/@privy-io/react-auth/dist/esm/CustomLandingScreenView-BxAx1Co_.mjs (15:1898): A comment

"/*#__PURE__*/"

in "node_modules/@privy-io/react-auth/dist/esm/CustomLandingScreenView-BxAx1Co_.mjs" contains an annotation that Rollup cannot interpret due to the position of the comment. The comment will be removed to avoid issues.
node_modules/@privy-io/react-auth/dist/esm/CustomLandingScreenView-BxAx1Co_.mjs (15:2058): A comment

"/*#__PURE__*/"

in "node_modules/@privy-io/react-auth/dist/esm/CustomLandingScreenView-BxAx1Co_.mjs" contains an annotation that Rollup cannot interpret due to the position of the comment. The comment will be removed to avoid issues.
node_modules/@privy-io/react-auth/dist/esm/CustomLandingScreenView-BxAx1Co_.mjs (15:2122): A comment

"/*#__PURE__*/"

in "node_modules/@privy-io/react-auth/dist/esm/CustomLandingScreenView-BxAx1Co_.mjs" contains an annotation that Rollup cannot interpret due to the position of the comment. The comment will be removed to avoid issues.
node_modules/@privy-io/react-auth/dist/esm/CustomLandingScreenView-BxAx1Co_.mjs (15:2190): A comment

"/*#__PURE__*/"

in "node_modules/@privy-io/react-auth/dist/esm/CustomLandingScreenView-BxAx1Co_.mjs" contains an annotation that Rollup cannot interpret due to the position of the comment. The comment will be removed to avoid issues.
node_modules/@privy-io/react-auth/dist/esm/CustomLandingScreenView-BxAx1Co_.mjs (15:2237): A comment

"/*#__PURE__*/"

in "node_modules/@privy-io/react-auth/dist/esm/CustomLandingScreenView-BxAx1Co_.mjs" contains an annotation that Rollup cannot interpret due to the position of the comment. The comment will be removed to avoid issues.
node_modules/@privy-io/react-auth/dist/esm/CustomLandingScreenView-BxAx1Co_.mjs (15:2301): A comment

"/*#__PURE__*/"

in "node_modules/@privy-io/react-auth/dist/esm/CustomLandingScreenView-BxAx1Co_.mjs" contains an annotation that Rollup cannot interpret due to the position of the comment. The comment will be removed to avoid issues.
node_modules/@privy-io/react-auth/dist/esm/CustomLandingScreenView-BxAx1Co_.mjs (15:2367): A comment

"/*#__PURE__*/"

in "node_modules/@privy-io/react-auth/dist/esm/CustomLandingScreenView-BxAx1Co_.mjs" contains an annotation that Rollup cannot interpret due to the position of the comment. The comment will be removed to avoid issues.
node_modules/@privy-io/react-auth/dist/esm/CustomLandingScreenView-BxAx1Co_.mjs (15:2433): A comment

"/*#__PURE__*/"

in "node_modules/@privy-io/react-auth/dist/esm/CustomLandingScreenView-BxAx1Co_.mjs" contains an annotation that Rollup cannot interpret due to the position of the comment. The comment will be removed to avoid issues.
node_modules/@privy-io/react-auth/dist/esm/CustomLandingScreenView-BxAx1Co_.mjs (15:2495): A comment

"/*#__PURE__*/"

in "node_modules/@privy-io/react-auth/dist/esm/CustomLandingScreenView-BxAx1Co_.mjs" contains an annotation that Rollup cannot interpret due to the position of the comment. The comment will be removed to avoid issues.
node_modules/@privy-io/react-auth/dist/esm/CustomLandingScreenView-BxAx1Co_.mjs (15:2557): A comment

"/*#__PURE__*/"

in "node_modules/@privy-io/react-auth/dist/esm/CustomLandingScreenView-BxAx1Co_.mjs" contains an annotation that Rollup cannot interpret due to the position of the comment. The comment will be removed to avoid issues.
node_modules/@privy-io/react-auth/dist/esm/CustomLandingScreenView-BxAx1Co_.mjs (15:2622): A comment

"/*#__PURE__*/"

in "node_modules/@privy-io/react-auth/dist/esm/CustomLandingScreenView-BxAx1Co_.mjs" contains an annotation that Rollup cannot interpret due to the position of the comment. The comment will be removed to avoid issues.
node_modules/@privy-io/react-auth/dist/esm/CustomLandingScreenView-BxAx1Co_.mjs (15:2690): A comment

"/*#__PURE__*/"

in "node_modules/@privy-io/react-auth/dist/esm/CustomLandingScreenView-BxAx1Co_.mjs" contains an annotation that Rollup cannot interpret due to the position of the comment. The comment will be removed to avoid issues.
node_modules/@privy-io/react-auth/dist/esm/CustomLandingScreenView-BxAx1Co_.mjs (15:2758): A comment

"/*#__PURE__*/"

in "node_modules/@privy-io/react-auth/dist/esm/CustomLandingScreenView-BxAx1Co_.mjs" contains an annotation that Rollup cannot interpret due to the position of the comment. The comment will be removed to avoid issues.
node_modules/@privy-io/react-auth/dist/esm/CustomLandingScreenView-BxAx1Co_.mjs (15:2825): A comment

"/*#__PURE__*/"

in "node_modules/@privy-io/react-auth/dist/esm/CustomLandingScreenView-BxAx1Co_.mjs" contains an annotation that Rollup cannot interpret due to the position of the comment. The comment will be removed to avoid issues.
node_modules/@privy-io/react-auth/dist/esm/CustomLandingScreenView-BxAx1Co_.mjs (15:2864): A comment

"/*#__PURE__*/"

in "node_modules/@privy-io/react-auth/dist/esm/CustomLandingScreenView-BxAx1Co_.mjs" contains an annotation that Rollup cannot interpret due to the position of the comment. The comment will be removed to avoid issues.
node_modules/@privy-io/react-auth/dist/esm/CustomLandingScreenView-BxAx1Co_.mjs (15:3026): A comment

"/*#__PURE__*/"

in "node_modules/@privy-io/react-auth/dist/esm/CustomLandingScreenView-BxAx1Co_.mjs" contains an annotation that Rollup cannot interpret due to the position of the comment. The comment will be removed to avoid issues.
node_modules/@privy-io/react-auth/dist/esm/CustomLandingScreenView-BxAx1Co_.mjs (15:3159): A comment

"/*#__PURE__*/"

in "node_modules/@privy-io/react-auth/dist/esm/CustomLandingScreenView-BxAx1Co_.mjs" contains an annotation that Rollup cannot interpret due to the position of the comment. The comment will be removed to avoid issues.
node_modules/@privy-io/react-auth/dist/esm/CustomLandingScreenView-BxAx1Co_.mjs (15:4532): A comment

"/*#__PURE__*/"

in "node_modules/@privy-io/react-auth/dist/esm/CustomLandingScreenView-BxAx1Co_.mjs" contains an annotation that Rollup cannot interpret due to the position of the comment. The comment will be removed to avoid issues.
node_modules/@privy-io/react-auth/dist/esm/CustomLandingScreenView-BxAx1Co_.mjs (21:1803): A comment

"/*#__PURE__*/"

in "node_modules/@privy-io/react-auth/dist/esm/CustomLandingScreenView-BxAx1Co_.mjs" contains an annotation that Rollup cannot interpret due to the position of the comment. The comment will be removed to avoid issues.
node_modules/@privy-io/react-auth/dist/esm/CustomLandingScreenView-BxAx1Co_.mjs (21:1963): A comment

"/*#__PURE__*/"

in "node_modules/@privy-io/react-auth/dist/esm/CustomLandingScreenView-BxAx1Co_.mjs" contains an annotation that Rollup cannot interpret due to the position of the comment. The comment will be removed to avoid issues.
node_modules/@privy-io/react-auth/dist/esm/CustomLandingScreenView-BxAx1Co_.mjs (21:2121): A comment

"/*#__PURE__*/"

in "node_modules/@privy-io/react-auth/dist/esm/CustomLandingScreenView-BxAx1Co_.mjs" contains an annotation that Rollup cannot interpret due to the position of the comment. The comment will be removed to avoid issues.
node_modules/@privy-io/react-auth/dist/esm/CustomLandingScreenView-BxAx1Co_.mjs (21:2185): A comment

"/*#__PURE__*/"

in "node_modules/@privy-io/react-auth/dist/esm/CustomLandingScreenView-BxAx1Co_.mjs" contains an annotation that Rollup cannot interpret due to the position of the comment. The comment will be removed to avoid issues.
node_modules/@privy-io/react-auth/dist/esm/CustomLandingScreenView-BxAx1Co_.mjs (21:2253): A comment

"/*#__PURE__*/"

in "node_modules/@privy-io/react-auth/dist/esm/CustomLandingScreenView-BxAx1Co_.mjs" contains an annotation that Rollup cannot interpret due to the position of the comment. The comment will be removed to avoid issues.
node_modules/@privy-io/react-auth/dist/esm/CustomLandingScreenView-BxAx1Co_.mjs (21:2300): A comment

"/*#__PURE__*/"

in "node_modules/@privy-io/react-auth/dist/esm/CustomLandingScreenView-BxAx1Co_.mjs" contains an annotation that Rollup cannot interpret due to the position of the comment. The comment will be removed to avoid issues.
node_modules/@privy-io/react-auth/dist/esm/CustomLandingScreenView-BxAx1Co_.mjs (21:2364): A comment

"/*#__PURE__*/"

in "node_modules/@privy-io/react-auth/dist/esm/CustomLandingScreenView-BxAx1Co_.mjs" contains an annotation that Rollup cannot interpret due to the position of the comment. The comment will be removed to avoid issues.
node_modules/@privy-io/react-auth/dist/esm/CustomLandingScreenView-BxAx1Co_.mjs (21:2430): A comment

"/*#__PURE__*/"

in "node_modules/@privy-io/react-auth/dist/esm/CustomLandingScreenView-BxAx1Co_.mjs" contains an annotation that Rollup cannot interpret due to the position of the comment. The comment will be removed to avoid issues.
node_modules/@privy-io/react-auth/dist/esm/CustomLandingScreenView-BxAx1Co_.mjs (21:2497): A comment

"/*#__PURE__*/"

in "node_modules/@privy-io/react-auth/dist/esm/CustomLandingScreenView-BxAx1Co_.mjs" contains an annotation that Rollup cannot interpret due to the position of the comment. The comment will be removed to avoid issues.
node_modules/@privy-io/react-auth/dist/esm/CustomLandingScreenView-BxAx1Co_.mjs (21:2565): A comment

"/*#__PURE__*/"

in "node_modules/@privy-io/react-auth/dist/esm/CustomLandingScreenView-BxAx1Co_.mjs" contains an annotation that Rollup cannot interpret due to the position of the comment. The comment will be removed to avoid issues.
node_modules/@privy-io/react-auth/dist/esm/CustomLandingScreenView-BxAx1Co_.mjs (21:2632): A comment

"/*#__PURE__*/"

in "node_modules/@privy-io/react-auth/dist/esm/CustomLandingScreenView-BxAx1Co_.mjs" contains an annotation that Rollup cannot interpret due to the position of the comment. The comment will be removed to avoid issues.
node_modules/@privy-io/react-auth/dist/esm/CustomLandingScreenView-BxAx1Co_.mjs (21:2694): A comment

"/*#__PURE__*/"

in "node_modules/@privy-io/react-auth/dist/esm/CustomLandingScreenView-BxAx1Co_.mjs" contains an annotation that Rollup cannot interpret due to the position of the comment. The comment will be removed to avoid issues.
node_modules/@privy-io/react-auth/dist/esm/CustomLandingScreenView-BxAx1Co_.mjs (21:2756): A comment

"/*#__PURE__*/"

in "node_modules/@privy-io/react-auth/dist/esm/CustomLandingScreenView-BxAx1Co_.mjs" contains an annotation that Rollup cannot interpret due to the position of the comment. The comment will be removed to avoid issues.
node_modules/@privy-io/react-auth/dist/esm/CustomLandingScreenView-BxAx1Co_.mjs (21:2821): A comment

"/*#__PURE__*/"

in "node_modules/@privy-io/react-auth/dist/esm/CustomLandingScreenView-BxAx1Co_.mjs" contains an annotation that Rollup cannot interpret due to the position of the comment. The comment will be removed to avoid issues.
node_modules/@privy-io/react-auth/dist/esm/CustomLandingScreenView-BxAx1Co_.mjs (21:2888): A comment

"/*#__PURE__*/"

in "node_modules/@privy-io/react-auth/dist/esm/CustomLandingScreenView-BxAx1Co_.mjs" contains an annotation that Rollup cannot interpret due to the position of the comment. The comment will be removed to avoid issues.
node_modules/@privy-io/react-auth/dist/esm/CustomLandingScreenView-BxAx1Co_.mjs (21:2945): A comment

"/*#__PURE__*/"

in "node_modules/@privy-io/react-auth/dist/esm/CustomLandingScreenView-BxAx1Co_.mjs" contains an annotation that Rollup cannot interpret due to the position of the comment. The comment will be removed to avoid issues.
node_modules/@privy-io/react-auth/dist/esm/CustomLandingScreenView-BxAx1Co_.mjs (21:3561): A comment

"/*#__PURE__*/"

in "node_modules/@privy-io/react-auth/dist/esm/CustomLandingScreenView-BxAx1Co_.mjs" contains an annotation that Rollup cannot interpret due to the position of the comment. The comment will be removed to avoid issues.
node_modules/@privy-io/react-auth/dist/esm/OpenLink-DZHy38vr.mjs (1:143): A comment

"/*#__PURE__*/"

in "node_modules/@privy-io/react-auth/dist/esm/OpenLink-DZHy38vr.mjs" contains an annotation that Rollup cannot interpret due to the position of the comment. The comment will be removed to avoid issues.
node_modules/@privy-io/react-auth/dist/esm/CopyToClipboard-DSTf_eKU.mjs (1:2067): A comment

"/*#__PURE__*/"

in "node_modules/@privy-io/react-auth/dist/esm/CopyToClipboard-DSTf_eKU.mjs" contains an annotation that Rollup cannot interpret due to the position of the comment. The comment will be removed to avoid issues.
node_modules/@privy-io/react-auth/dist/esm/SetWalletPasswordForm-CbtQ4DZ1.mjs (2:313): A comment

"/*#__PURE__*/"

in "node_modules/@privy-io/react-auth/dist/esm/SetWalletPasswordForm-CbtQ4DZ1.mjs" contains an annotation that Rollup cannot interpret due to the position of the comment. The comment will be removed to avoid issues.
node_modules/@privy-io/react-auth/dist/esm/SetWalletPasswordForm-CbtQ4DZ1.mjs (5:1029): A comment

"/*#__PURE__*/"

in "node_modules/@privy-io/react-auth/dist/esm/SetWalletPasswordForm-CbtQ4DZ1.mjs" contains an annotation that Rollup cannot interpret due to the position of the comment. The comment will be removed to avoid issues.
node_modules/@privy-io/react-auth/dist/esm/SetWalletPasswordForm-CbtQ4DZ1.mjs (12:530): A comment

"/*#__PURE__*/"

in "node_modules/@privy-io/react-auth/dist/esm/SetWalletPasswordForm-CbtQ4DZ1.mjs" contains an annotation that Rollup cannot interpret due to the position of the comment. The comment will be removed to avoid issues.
node_modules/@privy-io/react-auth/dist/esm/SelectSourceAsset-C10HQdge.mjs (1:1782): A comment

"/*#__PURE__*/"

in "node_modules/@privy-io/react-auth/dist/esm/SelectSourceAsset-C10HQdge.mjs" contains an annotation that Rollup cannot interpret due to the position of the comment. The comment will be removed to avoid issues.
node_modules/@privy-io/react-auth/dist/esm/SelectSourceAsset-C10HQdge.mjs (1:2185): A comment

"/*#__PURE__*/"

in "node_modules/@privy-io/react-auth/dist/esm/SelectSourceAsset-C10HQdge.mjs" contains an annotation that Rollup cannot interpret due to the position of the comment. The comment will be removed to avoid issues.
node_modules/@privy-io/react-auth/dist/esm/SelectSourceAsset-C10HQdge.mjs (70:240): A comment

"/*#__PURE__*/"

in "node_modules/@privy-io/react-auth/dist/esm/SelectSourceAsset-C10HQdge.mjs" contains an annotation that Rollup cannot interpret due to the position of the comment. The comment will be removed to avoid issues.
node_modules/@privy-io/react-auth/dist/esm/PinInput-3SLvbnQa.mjs (169:3839): A comment

"/*#__PURE__*/"

in "node_modules/@privy-io/react-auth/dist/esm/PinInput-3SLvbnQa.mjs" contains an annotation that Rollup cannot interpret due to the position of the comment. The comment will be removed to avoid issues.
node_modules/@privy-io/react-auth/dist/esm/to-ui-error-YOQlKk5D.mjs (4:133): A comment

"/*#__PURE__*/"

in "node_modules/@privy-io/react-auth/dist/esm/to-ui-error-YOQlKk5D.mjs" contains an annotation that Rollup cannot interpret due to the position of the comment. The comment will be removed to avoid issues.
node_modules/@privy-io/react-auth/dist/esm/to-ui-error-YOQlKk5D.mjs (4:1378): A comment

"/*#__PURE__*/"

in "node_modules/@privy-io/react-auth/dist/esm/to-ui-error-YOQlKk5D.mjs" contains an annotation that Rollup cannot interpret due to the position of the comment. The comment will be removed to avoid issues.
node_modules/@privy-io/react-auth/dist/esm/to-ui-error-YOQlKk5D.mjs (4:2045): A comment

"/*#__PURE__*/"

in "node_modules/@privy-io/react-auth/dist/esm/to-ui-error-YOQlKk5D.mjs" contains an annotation that Rollup cannot interpret due to the position of the comment. The comment will be removed to avoid issues.
node_modules/@privy-io/react-auth/dist/esm/EnrollTotp-V5tLY1MZ.mjs (12:269): A comment

"/*#__PURE__*/"

in "node_modules/@privy-io/react-auth/dist/esm/EnrollTotp-V5tLY1MZ.mjs" contains an annotation that Rollup cannot interpret due to the position of the comment. The comment will be removed to avoid issues.
node_modules/@privy-io/react-auth/dist/esm/EnrollTotp-V5tLY1MZ.mjs (20:12815): A comment

"/*#__PURE__*/"

in "node_modules/@privy-io/react-auth/dist/esm/EnrollTotp-V5tLY1MZ.mjs" contains an annotation that Rollup cannot interpret due to the position of the comment. The comment will be removed to avoid issues.
node_modules/@privy-io/react-auth/dist/esm/EnrollTotp-V5tLY1MZ.mjs (65:196): A comment

"/*#__PURE__*/"

in "node_modules/@privy-io/react-auth/dist/esm/EnrollTotp-V5tLY1MZ.mjs" contains an annotation that Rollup cannot interpret due to the position of the comment. The comment will be removed to avoid issues.
node_modules/@privy-io/react-auth/dist/esm/WalletLink-DNbGmOPX.mjs (1:463): A comment

"/*#__PURE__*/"

in "node_modules/@privy-io/react-auth/dist/esm/WalletLink-DNbGmOPX.mjs" contains an annotation that Rollup cannot interpret due to the position of the comment. The comment will be removed to avoid issues.
node_modules/@privy-io/react-auth/dist/esm/WalletLink-DNbGmOPX.mjs (1:594): A comment

"/*#__PURE__*/"

in "node_modules/@privy-io/react-auth/dist/esm/WalletLink-DNbGmOPX.mjs" contains an annotation that Rollup cannot interpret due to the position of the comment. The comment will be removed to avoid issues.
node_modules/@privy-io/react-auth/dist/esm/WalletLink-DNbGmOPX.mjs (2:263): A comment

"/*#__PURE__*/"

in "node_modules/@privy-io/react-auth/dist/esm/WalletLink-DNbGmOPX.mjs" contains an annotation that Rollup cannot interpret due to the position of the comment. The comment will be removed to avoid issues.
node_modules/@privy-io/react-auth/dist/esm/TransactionDetails-DqFIa7IO.mjs (25:416): A comment

"/*#__PURE__*/"

in "node_modules/@privy-io/react-auth/dist/esm/TransactionDetails-DqFIa7IO.mjs" contains an annotation that Rollup cannot interpret due to the position of the comment. The comment will be removed to avoid issues.
node_modules/@privy-io/react-auth/dist/esm/TransactionDetails-DqFIa7IO.mjs (44:112): A comment

"/*#__PURE__*/"

in "node_modules/@privy-io/react-auth/dist/esm/TransactionDetails-DqFIa7IO.mjs" contains an annotation that Rollup cannot interpret due to the position of the comment. The comment will be removed to avoid issues.
node_modules/@privy-io/react-auth/dist/esm/TransactionDetails-DqFIa7IO.mjs (44:317): A comment

"/*#__PURE__*/"

in "node_modules/@privy-io/react-auth/dist/esm/TransactionDetails-DqFIa7IO.mjs" contains an annotation that Rollup cannot interpret due to the position of the comment. The comment will be removed to avoid issues.
node_modules/@privy-io/react-auth/dist/esm/TransactionDetails-DqFIa7IO.mjs (44:553): A comment

"/*#__PURE__*/"

in "node_modules/@privy-io/react-auth/dist/esm/TransactionDetails-DqFIa7IO.mjs" contains an annotation that Rollup cannot interpret due to the position of the comment. The comment will be removed to avoid issues.
node_modules/@privy-io/react-auth/dist/esm/TransactionDetails-DqFIa7IO.mjs (45:317): A comment

"/*#__PURE__*/"

in "node_modules/@privy-io/react-auth/dist/esm/TransactionDetails-DqFIa7IO.mjs" contains an annotation that Rollup cannot interpret due to the position of the comment. The comment will be removed to avoid issues.
node_modules/@privy-io/react-auth/dist/esm/TransactionDetails-DqFIa7IO.mjs (45:469): A comment

"/*#__PURE__*/"

in "node_modules/@privy-io/react-auth/dist/esm/TransactionDetails-DqFIa7IO.mjs" contains an annotation that Rollup cannot interpret due to the position of the comment. The comment will be removed to avoid issues.
node_modules/@privy-io/react-auth/dist/esm/TransactionDetails-DqFIa7IO.mjs (103:111): A comment

"/*#__PURE__*/"

in "node_modules/@privy-io/react-auth/dist/esm/TransactionDetails-DqFIa7IO.mjs" contains an annotation that Rollup cannot interpret due to the position of the comment. The comment will be removed to avoid issues.
node_modules/@privy-io/react-auth/dist/esm/JsonTree-aPaJmPx7.mjs (1:346): A comment

"/*#__PURE__*/"

in "node_modules/@privy-io/react-auth/dist/esm/JsonTree-aPaJmPx7.mjs" contains an annotation that Rollup cannot interpret due to the position of the comment. The comment will be removed to avoid issues.
node_modules/@privy-io/react-auth/dist/esm/TransactionErrorView-BjaCgZpa.mjs (10:102): A comment

"/*#__PURE__*/"

in "node_modules/@privy-io/react-auth/dist/esm/TransactionErrorView-BjaCgZpa.mjs" contains an annotation that Rollup cannot interpret due to the position of the comment. The comment will be removed to avoid issues.
node_modules/@privy-io/react-auth/dist/esm/TransactionErrorView-BjaCgZpa.mjs (10:486): A comment

"/*#__PURE__*/"

in "node_modules/@privy-io/react-auth/dist/esm/TransactionErrorView-BjaCgZpa.mjs" contains an annotation that Rollup cannot interpret due to the position of the comment. The comment will be removed to avoid issues.
node_modules/@privy-io/react-auth/dist/esm/TransactionErrorView-BjaCgZpa.mjs (37:116): A comment

"/*#__PURE__*/"

in "node_modules/@privy-io/react-auth/dist/esm/TransactionErrorView-BjaCgZpa.mjs" contains an annotation that Rollup cannot interpret due to the position of the comment. The comment will be removed to avoid issues.
node_modules/@privy-io/react-auth/dist/esm/TransactionErrorView-BjaCgZpa.mjs (44:1070): A comment

"/*#__PURE__*/"

in "node_modules/@privy-io/react-auth/dist/esm/TransactionErrorView-BjaCgZpa.mjs" contains an annotation that Rollup cannot interpret due to the position of the comment. The comment will be removed to avoid issues.
node_modules/@privy-io/react-auth/dist/esm/TransactionErrorView-BjaCgZpa.mjs (45:877): A comment

"/*#__PURE__*/"

in "node_modules/@privy-io/react-auth/dist/esm/TransactionErrorView-BjaCgZpa.mjs" contains an annotation that Rollup cannot interpret due to the position of the comment. The comment will be removed to avoid issues.
node_modules/@privy-io/react-auth/dist/esm/TransactionErrorView-BjaCgZpa.mjs (70:833): A comment

"/*#__PURE__*/"

in "node_modules/@privy-io/react-auth/dist/esm/TransactionErrorView-BjaCgZpa.mjs" contains an annotation that Rollup cannot interpret due to the position of the comment. The comment will be removed to avoid issues.
node_modules/ox/_esm/core/Address.js (6:21): A comment

"/*#__PURE__*/"

in "node_modules/ox/_esm/core/Address.js" contains an annotation that Rollup cannot interpret due to the position of the comment. The comment will be removed to avoid issues.
node_modules/ox/_esm/core/Base64.js (6:27): A comment

"/*#__PURE__*/"

in "node_modules/ox/_esm/core/Base64.js" contains an annotation that Rollup cannot interpret due to the position of the comment. The comment will be removed to avoid issues.
node_modules/ox/_esm/core/internal/cursor.js (2:21): A comment

"/*#__PURE__*/"

in "node_modules/ox/_esm/core/internal/cursor.js" contains an annotation that Rollup cannot interpret due to the position of the comment. The comment will be removed to avoid issues.
✓ 7999 modules transformed.
x Build failed in 5.10s
error during build:
node_modules/@privy-io/react-auth/dist/esm/solana.mjs (1:957): "getAddMemoInstruction" is not exported by "__vite-optional-peer-dep:@solana-program/memo:@privy-io/react-auth", imported by "node_modules/@privy-io/react-auth/dist/esm/solana.mjs".
file: /Users/rasak/Downloads/fplsol/node_modules/@privy-io/react-auth/dist/esm/solana.mjs:1:957

1: import{useCallback as e}from"react";import{b as t,i as s,S as i,p as n,e as r,f as o}from"./usePrivy-C_sY2Duk.mjs";import{u as l}from"./context-DLtU3JQy.mjs";import{a as c}from"./events-context-CI0iqAXA.mjs";import{u as d}from"./internal-context-Z-fyxadS.mjs";import{u as h}from"./privy-context-DrMxzgOR.mjs";import{a as p}from"./PrivyPluginContext-2QN2dVUw.mjs";import{pipe as g,createTransactionMessage as f,setTransactionMessageFeePayerSigner as m,setTransactionMessageLifetimeUsingBlockhash as v,appendTransactionMessageInstructions as y,compileTransaction as b,getTransactionEncoder as w,address as P,setTransactionMessageFeePayer as S,blockhash as j,getTransactionDecoder as _}from"@solana/kit";import{f as C,s as O,g as W}from"./useSolanaRpcClient-71aYSqHX.mjs";import{S as T,g as A}from"./useWallets-z8NFrORr.mjs";export{a as useStandardWallets,u as useWallets}from"./useWallets-z8NFrORr.mjs";import{base58 as E,base64 as k}from"@scure/base";import{getAddMemo...
                                                                                                                                                                                                                                                                                                                                                                                                                                                                                                                                                                                                                                                                                                                                                                                                                                                                                                                                                                                                ^

    at getRollupError (file:///Users/rasak/Downloads/fplsol/node_modules/rollup/dist/es/shared/parseAst.js:402:41)
    at error (file:///Users/rasak/Downloads/fplsol/node_modules/rollup/dist/es/shared/parseAst.js:398:42)
    at Module.error (file:///Users/rasak/Downloads/fplsol/node_modules/rollup/dist/es/shared/node-entry.js:17040:16)
    at Module.traceVariable (file:///Users/rasak/Downloads/fplsol/node_modules/rollup/dist/es/shared/node-entry.js:17452:29)
    at ModuleScope.findVariable (file:///Users/rasak/Downloads/fplsol/node_modules/rollup/dist/es/shared/node-entry.js:15070:39)
    at ReturnValueScope.findVariable (file:///Users/rasak/Downloads/fplsol/node_modules/rollup/dist/es/shared/node-entry.js:5673:38)
    at FunctionBodyScope.findVariable (file:///Users/rasak/Downloads/fplsol/node_modules/rollup/dist/es/shared/node-entry.js:5673:38)
    at Identifier.bind (file:///Users/rasak/Downloads/fplsol/node_modules/rollup/dist/es/shared/node-entry.js:5447:40)
    at CallExpression.bind (file:///Users/rasak/Downloads/fplsol/node_modules/rollup/dist/es/shared/node-entry.js:2829:23)
    at CallExpression.bind (file:///Users/rasak/Downloads/fplsol/node_modules/rollup/dist/es/shared/node-entry.js:12179:15)
